Microchip MPLAB XC8 Compiler V2.45

Linker command line:

-W-3 \
  --edf=C:\Program Files\Microchip\xc8\v2.45\pic\dat\20230818022343_en.msgs \
  -cn -h+dist/default/debug\Projects.debug.sym \
  --cmf=dist/default/debug\Projects.debug.cmf -z -Q18F4620 \
  -oC:\Users\Alaa\AppData\Local\Temp\xcAs5vg.\driver_tmp_3.o \
  --defsym=__MPLAB_BUILD=1 --fixupoverflow=error \
  -Mdist/default/debug/Projects.debug.map \
  --md=C:\Users\Alaa\AppData\Local\Temp\xcAs5vg.\driver_tmp_0.dat -E1 \
  -ver=XC8 Compiler --acfsm=1493 -ACODE=00h-0FFFFh -ACONST=00h-0FFFFh \
  -ASMALLCONST=01000h-010FFhx240 -AMEDIUMCONST=01000h-0FFFFh \
  -ACOMRAM=01h-07Fh -AABS1=00h-0F7Fh -ABIGRAM=01h-0F7Fh \
  -ARAM=080h-0FFh,0100h-01FFhx14,0F00h-0F7Fh -ABANK0=080h-0FFh \
  -ABANK1=0100h-01FFh -ABANK2=0200h-02FFh -ABANK3=0300h-03FFh \
  -ABANK4=0400h-04FFh -ABANK5=0500h-05FFh -ABANK6=0600h-06FFh \
  -ABANK7=0700h-07FFh -ABANK8=0800h-08FFh -ABANK9=0900h-09FFh \
  -ABANK10=0A00h-0AFFh -ABANK11=0B00h-0BFFh -ABANK12=0C00h-0CFFh \
  -ABANK13=0D00h-0DFFh -ABANK14=0E00h-0EFFh -ABANK15=0F00h-0F7Fh \
  -ASFR=0F80h-0FFFh -ABIGSFR=0F80h-0FFFh -ACONFIG=0300000h-030000Dh \
  -AIDLOC=0200000h-0200007h -AEEDATA=0F00000h-0F003FFh -peeprom_data=EEDATA \
  -preset_vec=00h,intcode=08h,intcodelo,powerup,init -pramtop=01000h \
  -psmallconst=SMALLCONST -pmediumconst=MEDIUMCONST -pconst=CONST \
  -AFARRAM=00h-00h \
  -prdata=COMRAM,nvrram=COMRAM,nvbit=COMRAM,rbss=COMRAM,rbit=COMRAM \
  -pfarbss=FARRAM,fardata=FARRAM,nvFARRAM=FARRAM \
  -pintsave_regs=BIGRAM,bigbss=BIGRAM,bigdata=BIGRAM -pbss=RAM \
  -pidata=CODE,irdata=CODE,ibigdata=CODE,ifardata=CODE -prparam=COMRAM \
  C:\Users\Alaa\AppData\Local\Temp\xcAs5vg.\driver_tmp_9.o \
  dist/default/debug\Projects.debug.o 

Object code version is 3.11

Machine type is 18F4620



                Name                               Link     Load   Length Selector   Space Scale
C:\Users\Alaa\AppData\Local\Temp\xcAs5vg.\driver_tmp_9.o
                config                           300000   300000        E        0       4
                init                                  E        E        4        4       0
                reset_vec                             0        0        4        0       0
dist/default/debug\Projects.debug.o
                intcode                               8        8        6        4       0
                config                           300000   300000        E        0       4
                temp                                 70       70        1        1       1
                smallconst                         1000     1000        6      800       0
                text23                             1BA2     1BA2        4      D61       0
                text22                             16FA     16FA       A8      803       0
                text21                             13D8     13D8      122      803       0
                text20                             17A2     17A2       7C      803       0
                text19                             19CA     19CA       5E      803       0
                text18                             196C     196C       5E      803       0
                text17                             160C     160C       EE      803       0
                text16                             1B98     1B98        A      D61       0
                text15                             1B6A     1B6A       10      D61       0
                text14                             1B8E     1B8E        A      D61       0
                text13                             1B5A     1B5A       10      D61       0
                text12                             1B14     1B14       24      D61       0
                text11                             1A62     1A62       32      803       0
                text10                             1B84     1B84        A      D61       0
                text9                              1A28     1A28       3A      803       0
                intcode_body                       1006     1006      158      803       0
                text7                              115E     115E      148      803       0
                text6                              12A6     12A6      132      803       0
                text5                              1894     1894       74      803       0
                text4                              181E     181E       76      803       0
                text3                              1B7A     1B7A        A      D61       0
                text2                              14FA     14FA      112      803       0
                text1                              1AC2     1AC2       2A      D61       0
                text0                              1AEC     1AEC       28      D61       0
                cstackCOMRAM                         5D       5D       13        1       1
                cstackBANK0                          A2       A2        D       80       1
                dataBANK0                            80       80       22       80       1
                bssBANK0                             AF       AF        6       80       1
                dataCOMRAM                           30       30       2D        1       1
                bssCOMRAM                             1        1       2F        1       1
                cinit                              1908     1908       64      803       0
                idataBANK0                         1B38     1B38       22      D61       0
                idataCOMRAM                        1A94     1A94       2D      803       0

TOTAL           Name                               Link     Load   Length     Space
        CLASS   CODE           
                intcode                               8        8        6         0
                init                                  E        E        4         0
                reset_vec                             0        0        4         0
                text23                             1BA2     1BA2        4         0
                text22                             16FA     16FA       A8         0
                text21                             13D8     13D8      122         0
                text20                             17A2     17A2       7C         0
                text19                             19CA     19CA       5E         0
                text18                             196C     196C       5E         0
                text17                             160C     160C       EE         0
                text16                             1B98     1B98        A         0
                text15                             1B6A     1B6A       10         0
                text14                             1B8E     1B8E        A         0
                text13                             1B5A     1B5A       10         0
                text12                             1B14     1B14       24         0
                text11                             1A62     1A62       32         0
                text10                             1B84     1B84        A         0
                text9                              1A28     1A28       3A         0
                intcode_body                       1006     1006      158         0
                text7                              115E     115E      148         0
                text6                              12A6     12A6      132         0
                text5                              1894     1894       74         0
                text4                              181E     181E       76         0
                text3                              1B7A     1B7A        A         0
                text2                              14FA     14FA      112         0
                text1                              1AC2     1AC2       2A         0
                text0                              1AEC     1AEC       28         0
                cinit                              1908     1908       64         0
                idataBANK0                         1B38     1B38       22         0
                idataCOMRAM                        1A94     1A94       2D         0

        CLASS   CONST          

        CLASS   SMALLCONST     
                smallconst                         1000     1000        6         0

        CLASS   MEDIUMCONST    

        CLASS   COMRAM         
                temp                                 70       70        1         1
                cstackCOMRAM                         5D       5D       13         1
                dataCOMRAM                           30       30       2D         1
                bssCOMRAM                             1        1       2F         1

        CLASS   ABS1           

        CLASS   BIGRAM         

        CLASS   RAM            

        CLASS   BANK0          
                cstackBANK0                          A2       A2        D         1
                dataBANK0                            80       80       22         1
                bssBANK0                             AF       AF        6         1

        CLASS   BANK1          

        CLASS   BANK2          

        CLASS   BANK3          

        CLASS   BANK4          

        CLASS   BANK5          

        CLASS   BANK6          

        CLASS   BANK7          

        CLASS   BANK8          

        CLASS   BANK9          

        CLASS   BANK10         

        CLASS   BANK11         

        CLASS   BANK12         

        CLASS   BANK13         

        CLASS   BANK14         

        CLASS   BANK15         

        CLASS   SFR            

        CLASS   BIGSFR         

        CLASS   CONFIG         
                config                           300000   300000        E         4

        CLASS   IDLOC          

        CLASS   EEDATA         

        CLASS   FARRAM         

        CLASS   HEAP           

        CLASS   STACK          



SEGMENTS        Name                           Load    Length   Top    Selector   Space  Class

                reset_vec                      000000  000004  000004         0       0  CODE    
                bssCOMRAM                      000001  000070  000071         1       1  COMRAM  
                intcode                        000008  00000A  000012         4       0  CODE    
                dataBANK0                      000080  000035  0000B5        80       1  BANK0   
                smallconst                     001000  000006  001006       800       0  SMALLCON
                intcode_body                   001006  000ABB  001AC1       803       0  CODE    
                text1                          001AC2  0000E4  001BA6       D61       0  CODE    


UNUSED ADDRESS RANGES

        Name                Unused          Largest block    Delta
        BANK0            0000B5-0000FF               4B
        BANK1            000100-0001FF              100
        BANK10           000A00-000AFF              100
        BANK11           000B00-000BFF              100
        BANK12           000C00-000CFF              100
        BANK13           000D00-000DFF              100
        BANK14           000E00-000EFF              100
        BANK15           000F00-000F7F               80
        BANK2            000200-0002FF              100
        BANK3            000300-0003FF              100
        BANK4            000400-0004FF              100
        BANK5            000500-0005FF              100
        BANK6            000600-0006FF              100
        BANK7            000700-0007FF              100
        BANK8            000800-0008FF              100
        BANK9            000900-0009FF              100
        BIGRAM           000071-00007F                F
                         0000B5-000F7F              ECB
        BIGSFR           000F80-000FFF               80
        CODE             000004-000007                4
                         000012-000FFF              FEE
                         001AC1-001AC1                1
                         001BA6-00FFFF             E45A
        COMRAM           000071-00007F                F
        CONST            000004-000007                4
                         000012-000FFF              FEE
                         001AC1-001AC1                1
                         001BA6-00FFFF             E45A
        EEDATA           F00000-F003FF              400
        IDLOC            200000-200007                8
        MEDIUMCONST      001AC1-001AC1                1
                         001BA6-00FFFF             E45A
        RAM              0000B5-000F7F              100
        SFR              000F80-000FFF               80
        SMALLCONST       001AC1-001AC1                1
                         001BA6-00FFFF              100

                                  Symbol Table

RB3_ISR@level                    cstackCOMRAM 000065
Timer3_Init@timer3               cstackCOMRAM 00006E
_ADCON0bits                      (abs)        000FC2
_ADCON1bits                      (abs)        000FC1
_ADCON2bits                      (abs)        000FC0
_ADC_Callback                    bssCOMRAM    000023
_ADC_ISR1                        text23       001BA2
_ADC_Interrupt_Handler           bssCOMRAM    000025
_ADRESH                          (abs)        000FC4
_ADRESL                          (abs)        000FC3
_EEADR                           (abs)        000FA9
_EEADRH                          (abs)        000FAA
_EECON1bits                      (abs)        000FA6
_EECON2                          (abs)        000FA7
_EEDATA                          (abs)        000FA8
_INT0_Interrupt_Handler          bssCOMRAM    000019
_INT1_Interrupt_Handler          bssCOMRAM    000017
_INT2_Interrupt_Handler          bssCOMRAM    000015
_INTCON2bits                     (abs)        000FF1
_INTCON3bits                     (abs)        000FF0
_INTCONbits                      (abs)        000FF2
_ISR0                            text20       0017A2
_ISR1                            text19       0019CA
_ISR2                            text18       00196C
_Interrupt_Manager               intcode      000008
_LATA                            (abs)        000F89
_LATB                            (abs)        000F8A
_LATC                            (abs)        000F8B
_LATD                            (abs)        000F8C
_LATE                            (abs)        000F8D
_LAT_REGISTERS                   dataCOMRAM   00003A
_PIE1bits                        (abs)        000F9D
_PIE2bits                        (abs)        000FA0
_PIR1bits                        (abs)        000F9E
_PIR2bits                        (abs)        000FA1
_PORTA                           (abs)        000F80
_PORTB                           (abs)        000F81
_PORTC                           (abs)        000F82
_PORTD                           (abs)        000F83
_PORTE                           (abs)        000F84
_PORT_REGISTERS                  dataCOMRAM   000030
_RB3_ISR                         text17       00160C
_RB4_Flag                        dataCOMRAM   000057
_RB4_Interrupt_Handler           bssCOMRAM    000021
_RB5_Flag                        dataCOMRAM   000056
_RB5_Interrupt_Handler           bssCOMRAM    00001F
_RB6_Flag                        dataCOMRAM   000055
_RB6_Interrupt_Handler           bssCOMRAM    00001D
_RB7_Flag                        dataCOMRAM   000054
_RB7_Interrupt_Handler           bssCOMRAM    00001B
_T0CONbits                       (abs)        000FD5
_T1CONbits                       (abs)        000FCD
_T2CONbits                       (abs)        000FCA
_T3CONbits                       (abs)        000FB1
_TMR0H                           (abs)        000FD7
_TMR0L                           (abs)        000FD6
_TMR2                            (abs)        000FCC
_TMR3H                           (abs)        000FB3
_TMR3L                           (abs)        000FB2
_TRISA                           (abs)        000F92
_TRISB                           (abs)        000F93
_TRISC                           (abs)        000F94
_TRISD                           (abs)        000F95
_TRISE                           (abs)        000F96
_TRIS_REGISTERS                  dataCOMRAM   000044
_Timer0_ISR                      text15       001B6A
_Timer0_ISR_Callback             bssCOMRAM    000013
_Timer1_ISR                      text13       001B5A
_Timer1_Interrupt_Handler        bssCOMRAM    00000F
_Timer2_ISR                      text11       001A62
_Timer2_Interrupt_Handler        bssCOMRAM    00000B
_Timer3_ISR                      text9        001A28
_Timer3_Init                     text2        0014FA
_Timer3_Interrupt_Handler        bssCOMRAM    000007
__HRAM                           (abs)        000000
__H__absolute__                  __absolute__ 000000
__Habs1                          abs1         000000
__Hbank0                         bank0        000000
__Hbank1                         bank1        000000
__Hbank10                        bank10       000000
__Hbank11                        bank11       000000
__Hbank12                        bank12       000000
__Hbank13                        bank13       000000
__Hbank14                        bank14       000000
__Hbank15                        bank15       000000
__Hbank2                         bank2        000000
__Hbank3                         bank3        000000
__Hbank4                         bank4        000000
__Hbank5                         bank5        000000
__Hbank6                         bank6        000000
__Hbank7                         bank7        000000
__Hbank8                         bank8        000000
__Hbank9                         bank9        000000
__Hbigbss                        bigbss       000000
__Hbigdata                       bigdata      000000
__Hbigram                        bigram       000000
__Hbigsfr                        bigsfr       000000
__Hbss                           bss          000000
__HbssBANK0                      bssBANK0     000000
__HbssCOMRAM                     bssCOMRAM    000000
__Hcinit                         cinit        000000
__Hclrtext                       clrtext      000000
__Hcomram                        comram       000000
__Hconfig                        config       30000E
__Hconst                         const        000000
__HcstackBANK0                   cstackBANK0  000000
__HcstackCOMRAM                  cstackCOMRAM 000000
__Hdata                          data         000000
__HdataBANK0                     dataBANK0    000000
__HdataCOMRAM                    dataCOMRAM   000000
__Heeprom_data                   eeprom_data  000000
__Hfarbss                        farbss       000000
__Hfardata                       fardata      000000
__Hheap                          heap         000000
__Hibigdata                      ibigdata     000000
__Hidata                         idata        000000
__HidataBANK0                    idataBANK0   000000
__HidataCOMRAM                   idataCOMRAM  000000
__Hidloc                         idloc        000000
__Hifardata                      ifardata     000000
__Hinit                          init         000012
__Hintcode                       intcode      00000E
__Hintcode_body                  intcode_body 000000
__Hintcodelo                     intcodelo    00000E
__Hintentry                      intentry     000000
__Hintret                        intret       000000
__Hintsave_regs                  intsave_regs 000000
__Hirdata                        irdata       000000
__Hmediumconst                   mediumconst  000000
__HnvFARRAM                      nvFARRAM     000000
__Hnvbit                         nvbit        000000
__Hnvrram                        nvrram       000000
__Hparam                         rparam       000000
__Hpowerup                       powerup      00000E
__Hram                           ram          000000
__Hramtop                        ramtop       001000
__Hrbit                          rbit         000000
__Hrbss                          rbss         000000
__Hrdata                         rdata        000000
__Hreset_vec                     reset_vec    000004
__Hrparam                        rparam       000000
__Hsfr                           sfr          000000
__Hsmallconst                    smallconst   001006
__Hspace_0                       (abs)        001BA6
__Hspace_1                       (abs)        0000B5
__Hspace_2                       (abs)        000000
__Hspace_4                       (abs)        60000E
__Hstack                         stack        000000
__Hstruct                        struct       000000
__Htemp                          temp         000071
__Htext                          text         000000
__Htext0                         text0        000000
__Htext1                         text1        000000
__Htext10                        text10       000000
__Htext11                        text11       000000
__Htext12                        text12       000000
__Htext13                        text13       000000
__Htext14                        text14       000000
__Htext15                        text15       000000
__Htext16                        text16       000000
__Htext17                        text17       000000
__Htext18                        text18       000000
__Htext19                        text19       000000
__Htext2                         text2        000000
__Htext20                        text20       000000
__Htext21                        text21       000000
__Htext22                        text22       000000
__Htext23                        text23       000000
__Htext24                        text24       000000
__Htext3                         text3        000000
__Htext4                         text4        000000
__Htext5                         text5        000000
__Htext6                         text6        000000
__Htext7                         text7        000000
__Htext9                         text9        000000
__LRAM                           (abs)        000001
__L__absolute__                  __absolute__ 000000
__Labs1                          abs1         000000
__Lbank0                         bank0        000000
__Lbank1                         bank1        000000
__Lbank10                        bank10       000000
__Lbank11                        bank11       000000
__Lbank12                        bank12       000000
__Lbank13                        bank13       000000
__Lbank14                        bank14       000000
__Lbank15                        bank15       000000
__Lbank2                         bank2        000000
__Lbank3                         bank3        000000
__Lbank4                         bank4        000000
__Lbank5                         bank5        000000
__Lbank6                         bank6        000000
__Lbank7                         bank7        000000
__Lbank8                         bank8        000000
__Lbank9                         bank9        000000
__Lbigbss                        bigbss       000000
__Lbigdata                       bigdata      000000
__Lbigram                        bigram       000000
__Lbigsfr                        bigsfr       000000
__Lbss                           bss          000000
__LbssBANK0                      bssBANK0     000000
__LbssCOMRAM                     bssCOMRAM    000000
__Lcinit                         cinit        000000
__Lclrtext                       clrtext      000000
__Lcomram                        comram       000000
__Lconfig                        config       000000
__Lconst                         const        000000
__LcstackBANK0                   cstackBANK0  000000
__LcstackCOMRAM                  cstackCOMRAM 000000
__Ldata                          data         000000
__LdataBANK0                     dataBANK0    000000
__LdataCOMRAM                    dataCOMRAM   000000
__Leeprom_data                   eeprom_data  000000
__Lfarbss                        farbss       000000
__Lfardata                       fardata      000000
__Lheap                          heap         000000
__Libigdata                      ibigdata     000000
__Lidata                         idata        000000
__LidataBANK0                    idataBANK0   000000
__LidataCOMRAM                   idataCOMRAM  000000
__Lidloc                         idloc        000000
__Lifardata                      ifardata     000000
__Linit                          init         00000E
__Lintcode                       intcode      000008
__Lintcode_body                  intcode_body 000000
__Lintcodelo                     intcodelo    00000E
__Lintentry                      intentry     000000
__Lintret                        intret       000000
__Lintsave_regs                  intsave_regs 000000
__Lirdata                        irdata       000000
__Lmediumconst                   mediumconst  000000
__LnvFARRAM                      nvFARRAM     000000
__Lnvbit                         nvbit        000000
__Lnvrram                        nvrram       000000
__Lparam                         rparam       000000
__Lpowerup                       powerup      00000E
__Lram                           ram          000000
__Lramtop                        ramtop       001000
__Lrbit                          rbit         000000
__Lrbss                          rbss         000000
__Lrdata                         rdata        000000
__Lreset_vec                     reset_vec    000000
__Lrparam                        rparam       000000
__Lsfr                           sfr          000000
__Lsmallconst                    smallconst   001000
__Lspace_0                       (abs)        000000
__Lspace_1                       (abs)        000000
__Lspace_2                       (abs)        000000
__Lspace_4                       (abs)        000000
__Lstack                         stack        000000
__Lstruct                        struct       000000
__Ltemp                          temp         000070
__Ltext                          text         000000
__Ltext0                         text0        000000
__Ltext1                         text1        000000
__Ltext10                        text10       000000
__Ltext11                        text11       000000
__Ltext12                        text12       000000
__Ltext13                        text13       000000
__Ltext14                        text14       000000
__Ltext15                        text15       000000
__Ltext16                        text16       000000
__Ltext17                        text17       000000
__Ltext18                        text18       000000
__Ltext19                        text19       000000
__Ltext2                         text2        000000
__Ltext20                        text20       000000
__Ltext21                        text21       000000
__Ltext22                        text22       000000
__Ltext23                        text23       000000
__Ltext24                        text24       000000
__Ltext3                         text3        000000
__Ltext4                         text4        000000
__Ltext5                         text5        000000
__Ltext6                         text6        000000
__Ltext7                         text7        000000
__Ltext9                         text9        000000
__S0                             (abs)        001BA6
__S1                             (abs)        0000B5
__S4                             (abs)        000000
__S5                             (abs)        000000
___heap_hi                       (abs)        000000
___heap_lo                       (abs)        000000
___inthi_sp                      stack        000000
___inthi_stack_hi                stack        000000
___inthi_stack_lo                stack        000000
___intlo_sp                      stack        000000
___intlo_stack_hi                stack        000000
___intlo_stack_lo                stack        000000
___param_bank                    (abs)        000000
___rparam_used                   (abs)        000001
___sp                            stack        000000
___stack_hi                      stack        000000
___stack_lo                      stack        000000
__accesstop                      (abs)        000080
__activetblptr                   (abs)        000003
__end_of_ADC_ISR1                text23       001BA6
__end_of_ISR0                    text20       00181E
__end_of_ISR1                    text19       001A28
__end_of_ISR2                    text18       0019CA
__end_of_Interrupt_Manager       intcode_body 00115E
__end_of_RB3_ISR                 text17       0016FA
__end_of_Timer0_ISR              text15       001B7A
__end_of_Timer1_ISR              text13       001B6A
__end_of_Timer2_ISR              text11       001A94
__end_of_Timer3_ISR              text9        001A62
__end_of_Timer3_Init             text2        00160C
__end_of__initialization         cinit        001962
__end_of_gpio_pin_direction_init text7        0012A6
__end_of_gpio_pin_init           text5        001908
__end_of_gpio_pin_logic_toggle   text22       0017A2
__end_of_gpio_pin_logic_write    text6        0013D8
__end_of_led_toggle_callback     text12       001B38
__end_of_main                    text0        001B14
__end_of_timer3_init             text1        001AEC
__end_of_timer3_select_mode      text4        001894
__end_of_write                   text16       001BA2
__end_of_write@timer$F2306       text14       001B98
__end_of_write@timer3$F2767      text3        001B84
__end_ofi2_gpio_pin_logic_write  text21       0014FA
__end_ofi2_write@timer3$F2767    text10       001B8E
__initialization                 cinit        001908
__mediumconst                    mediumconst  000000
__pbssBANK0                      bssBANK0     0000AF
__pbssCOMRAM                     bssCOMRAM    000001
__pcinit                         cinit        001908
__pcstackBANK0                   cstackBANK0  0000A2
__pcstackCOMRAM                  cstackCOMRAM 00005D
__pdataBANK0                     dataBANK0    000080
__pdataCOMRAM                    dataCOMRAM   000030
__pidataBANK0                    idataBANK0   001B38
__pidataCOMRAM                   idataCOMRAM  001A94
__pintcode                       intcode      000008
__pintcode_body                  intcode_body 001006
__psmallconst                    smallconst   001000
__ptext0                         text0        001AEC
__ptext1                         text1        001AC2
__ptext10                        text10       001B84
__ptext11                        text11       001A62
__ptext12                        text12       001B14
__ptext13                        text13       001B5A
__ptext14                        text14       001B8E
__ptext15                        text15       001B6A
__ptext16                        text16       001B98
__ptext17                        text17       00160C
__ptext18                        text18       00196C
__ptext19                        text19       0019CA
__ptext2                         text2        0014FA
__ptext20                        text20       0017A2
__ptext21                        text21       0013D8
__ptext22                        text22       0016FA
__ptext23                        text23       001BA2
__ptext24                        text24       000000
__ptext3                         text3        001B7A
__ptext4                         text4        00181E
__ptext5                         text5        001894
__ptext6                         text6        0012A6
__ptext7                         text7        00115E
__ptext9                         text9        001A28
__ramtop                         ramtop       001000
__smallconst                     smallconst   001000
_freq                            bssCOMRAM    000001
_gpio_pin_direction_init         text7        00115E
_gpio_pin_init                   text5        001894
_gpio_pin_logic_toggle           text22       0016FA
_gpio_pin_logic_write            text6        0012A6
_keypad                          dataBANK0    00009A
_keypad_buttons                  dataBANK0    000080
_lcd1                            dataCOMRAM   00004E
_lcd2                            dataBANK0    000090
_led                             dataCOMRAM   000058
_led_toggle_callback             text12       001B14
_main                            text0        001AEC
_pin                             dataCOMRAM   000059
_pin1                            dataCOMRAM   00005C
_pin2                            dataCOMRAM   00005B
_pin3                            dataCOMRAM   00005A
_preload                         bssCOMRAM    000011
_timer1_preload                  bssCOMRAM    00000D
_timer2_preload                  bssCOMRAM    000027
_timer3_init                     text1        001AC2
_timer3_preload                  bssCOMRAM    000005
_timer3_select_mode              text4        00181E
_var                             bssCOMRAM    000009
_write                           text16       001B98
_write@timer$F2306               text14       001B8E
_write@timer3$F2767              text3        001B7A
btemp                            temp         000070
end_of_initialization            cinit        001962
gpio_pin_direction_init@pin      cstackCOMRAM 00006C
gpio_pin_direction_init@ret      cstackCOMRAM 00006D
gpio_pin_init@pin                cstackCOMRAM 00006F
gpio_pin_init@ret                cstackBANK0  0000A8
gpio_pin_logic_toggle@pin        cstackCOMRAM 00005D
gpio_pin_logic_toggle@ret        cstackCOMRAM 000062
gpio_pin_logic_write@logic       cstackCOMRAM 00006D
gpio_pin_logic_write@pin         cstackCOMRAM 00006C
gpio_pin_logic_write@ret         cstackCOMRAM 00006E
i2_gpio_pin_logic_write          text21       0013D8
i2_write@timer3$F2767            text10       001B84
i2gpio_pin_logic_write@logic     cstackCOMRAM 00005E
i2gpio_pin_logic_write@pin       cstackCOMRAM 00005D
i2write@timer3$F2767@value       cstackCOMRAM 00005D
int$flags                        temp         000070
int_func                         intcode_body 001006
intlevel0                        text         000000
intlevel1                        text         000000
intlevel2                        text         000000
intlevel3                        text         000000
isa$std                          (abs)        000001
isa$xinst                        (abs)        000000
led_initialize@F3059             bssCOMRAM    00002F
led_toggle@F3074                 bssCOMRAM    00002C
led_turn_off@F3069               bssCOMRAM    00002D
led_turn_on@F3064                bssCOMRAM    00002E
relay_initialize@F3059           bssCOMRAM    00002B
relay_toggle@F3074               bssCOMRAM    000028
relay_turn_off@F3069             bssCOMRAM    000029
relay_turn_on@F3064              bssCOMRAM    00002A
stackhi                          (abs)        000000
stacklo                          (abs)        000000
start                            init         00000E
start_initialization             cinit        001908
timer3_init@timer                cstackBANK0  0000A4
timer3_select_mode@timer         cstackCOMRAM 00006C
ttemp5                           temp         000071
ttemp6                           temp         000074
ttemp7                           temp         000078
write@timer$F2306@value          cstackCOMRAM 00005D
write@timer3$F2767@value         cstackCOMRAM 00006C
write@value                      cstackCOMRAM 00005D
wtemp8                           temp         000071


MODULE INFORMATION

Module		Function		Class		Link	Load	Size
MCAL_LAYER/interrupts/MCAL_EXTERNAL_INTERRUPT.c
		_RB3_ISR       		CODE           	160C	0000	238
		_ISR0          		CODE           	17A2	0000	124
		_ISR1          		CODE           	19CA	0000	94
		_ISR2          		CODE           	196C	0000	94

MCAL_LAYER/interrupts/MCAL_EXTERNAL_INTERRUPT.c estimated size: 550

MCAL_LAYER/TIMER1/timer.c
		_Timer1_ISR    		CODE           	1B5A	0000	16
		_write@timer$F2306		CODE           	1B8E	0000	10

MCAL_LAYER/TIMER1/timer.c estimated size: 26

MCAL_LAYER/GPIO/HAL_GPIO.c
		_gpio_pin_logic_write		CODE           	12A6	0000	306
		_gpio_pin_logic_toggle		CODE           	16FA	0000	168
		_gpio_pin_direction_init		CODE           	115E	0000	328
		_gpio_pin_init 		CODE           	1894	0000	116

MCAL_LAYER/GPIO/HAL_GPIO.c estimated size: 918

MCAL_LAYER/TIMER3/timer3.c
		_Timer3_ISR    		CODE           	1A28	0000	58
		_Timer3_Init   		CODE           	14FA	0000	274
		_write@timer3$F2767		CODE           	1B7A	0000	10
		_timer3_select_mode		CODE           	181E	0000	118

MCAL_LAYER/TIMER3/timer3.c estimated size: 460

MCAL_LAYER/interrupts/MCAL_INTERRUPT_MANAGER.c
		_Interrupt_Manager		CODE           	0008	0000	350

MCAL_LAYER/interrupts/MCAL_INTERRUPT_MANAGER.c estimated size: 350

MCAL_LAYER/TIMER2/timer2.c
		_Timer2_ISR    		CODE           	1A62	0000	50

MCAL_LAYER/TIMER2/timer2.c estimated size: 50

shared
		__initialization		CODE           	1908	0000	90
		i2_write@timer3$F2767		CODE           	1B84	0000	10
		i2_gpio_pin_logic_write		CODE           	13D8	0000	290

shared estimated size: 390

MCAL_LAYER/TIMER0/timer.c
		_Timer0_ISR    		CODE           	1B6A	0000	16
		_write         		CODE           	1B98	0000	10

MCAL_LAYER/TIMER0/timer.c estimated size: 26

MCAL_LAYER/ADC/adc.c
		_ADC_ISR1      		CODE           	1BA2	0000	4

MCAL_LAYER/ADC/adc.c estimated size: 4

application.c
		_main          		CODE           	1AEC	0000	40
		_timer3_init   		CODE           	1AC2	0000	42
		_led_toggle_callback		CODE           	1B14	0000	36

application.c estimated size: 118

