Microchip MPLAB XC8 Compiler V2.45

Linker command line:

-W-3 \
  --edf=C:\Program Files\Microchip\xc8\v2.45\pic\dat\20230818022343_en.msgs \
  -cn -h+dist/default/debug\first_project.X.debug.sym \
  --cmf=dist/default/debug\first_project.X.debug.cmf -z -Q18F4620 \
  -oC:\Users\Alaa\AppData\Local\Temp\xcAsk3g.\driver_tmp_3.o \
  --defsym=__MPLAB_BUILD=1 --fixupoverflow=error \
  -Mdist/default/debug/first_project.X.debug.map \
  --md=C:\Users\Alaa\AppData\Local\Temp\xcAsk3g.\driver_tmp_0.dat -E1 \
  -ver=XC8 Compiler --acfsm=1493 -ACODE=00h-0FFFFh -ACONST=00h-0FFFFh \
  -ASMALLCONST=01000h-010FFhx240 -AMEDIUMCONST=01000h-0FFFFh \
  -ACOMRAM=01h-07Fh -AABS1=00h-0F7Fh -ABIGRAM=01h-0F7Fh \
  -ARAM=080h-0FFh,0100h-01FFhx14,0F00h-0F7Fh -ABANK0=080h-0FFh \
  -ABANK1=0100h-01FFh -ABANK2=0200h-02FFh -ABANK3=0300h-03FFh \
  -ABANK4=0400h-04FFh -ABANK5=0500h-05FFh -ABANK6=0600h-06FFh \
  -ABANK7=0700h-07FFh -ABANK8=0800h-08FFh -ABANK9=0900h-09FFh \
  -ABANK10=0A00h-0AFFh -ABANK11=0B00h-0BFFh -ABANK12=0C00h-0CFFh \
  -ABANK13=0D00h-0DFFh -ABANK14=0E00h-0EFFh -ABANK15=0F00h-0F7Fh \
  -ASFR=0F80h-0FFFh -ABIGSFR=0F80h-0FFFh -ACONFIG=0300000h-030000Dh \
  -AIDLOC=0200000h-0200007h -AEEDATA=0F00000h-0F003FFh -peeprom_data=EEDATA \
  -preset_vec=00h,intcode,intcodelo,powerup,init -pramtop=01000h \
  -psmallconst=SMALLCONST -pmediumconst=MEDIUMCONST -pconst=CONST \
  -AFARRAM=00h-00h \
  -prdata=COMRAM,nvrram=COMRAM,nvbit=COMRAM,rbss=COMRAM,rbit=COMRAM \
  -pfarbss=FARRAM,fardata=FARRAM,nvFARRAM=FARRAM \
  -pintsave_regs=BIGRAM,bigbss=BIGRAM,bigdata=BIGRAM -pbss=RAM \
  -pidata=CODE,irdata=CODE,ibigdata=CODE,ifardata=CODE -prparam=COMRAM \
  C:\Users\Alaa\AppData\Local\Temp\xcAsk3g.\driver_tmp_14.o \
  dist/default/debug\first_project.X.debug.o 

Object code version is 3.11

Machine type is 18F4620



                Name                               Link     Load   Length Selector   Space Scale
C:\Users\Alaa\AppData\Local\Temp\xcAsk3g.\driver_tmp_14.o
                config                           300000   300000        E        0       4
                init                                  0        0        4        0       0
dist/default/debug\first_project.X.debug.o
                config                           300000   300000        E        0       4
                smallconst                         1000     1000        C      800       0
                text10                             11CC     11CC      156      806       0
                text9                              1322     1322      146      806       0
                text8                              1532     1532       C4      806       0
                text7                              15F6     15F6       B0      806       0
                text6                              1792     1792       34      806       0
                text5                              1802     1802        2      806       0
                text4                              1468     1468       CA      806       0
                text3                              100C     100C      1C0      806       0
                text2                              171A     171A       42      806       0
                text1                              17E8     17E8       1A      806       0
                text0                              16A6     16A6       74      806       0
                cstackCOMRAM                         48       48       1F        1       1
                dataCOMRAM                           26       26       22        1       1
                bssCOMRAM                             1        1       25        1       1
                cinit                              175C     175C       36      806       0
                idataCOMRAM                        17C6     17C6       22      806       0

TOTAL           Name                               Link     Load   Length     Space
        CLASS   CODE           
                init                                  0        0        4         0
                text10                             11CC     11CC      156         0
                text9                              1322     1322      146         0
                text8                              1532     1532       C4         0
                text7                              15F6     15F6       B0         0
                text6                              1792     1792       34         0
                text5                              1802     1802        2         0
                text4                              1468     1468       CA         0
                text3                              100C     100C      1C0         0
                text2                              171A     171A       42         0
                text1                              17E8     17E8       1A         0
                text0                              16A6     16A6       74         0
                cinit                              175C     175C       36         0
                idataCOMRAM                        17C6     17C6       22         0

        CLASS   CONST          

        CLASS   SMALLCONST     
                smallconst                         1000     1000        C         0

        CLASS   MEDIUMCONST    

        CLASS   COMRAM         
                cstackCOMRAM                         48       48       1F         1
                dataCOMRAM                           26       26       22         1
                bssCOMRAM                             1        1       25         1

        CLASS   ABS1           

        CLASS   BIGRAM         

        CLASS   RAM            

        CLASS   BANK0          

        CLASS   BANK1          

        CLASS   BANK2          

        CLASS   BANK3          

        CLASS   BANK4          

        CLASS   BANK5          

        CLASS   BANK6          

        CLASS   BANK7          

        CLASS   BANK8          

        CLASS   BANK9          

        CLASS   BANK10         

        CLASS   BANK11         

        CLASS   BANK12         

        CLASS   BANK13         

        CLASS   BANK14         

        CLASS   BANK15         

        CLASS   SFR            

        CLASS   BIGSFR         

        CLASS   CONFIG         
                config                           300000   300000        E         4

        CLASS   IDLOC          

        CLASS   EEDATA         

        CLASS   FARRAM         

        CLASS   HEAP           

        CLASS   STACK          



SEGMENTS        Name                           Load    Length   Top    Selector   Space  Class

                reset_vec                      000000  000004  000004         0       0  CODE    
                bssCOMRAM                      000001  000066  000067         1       1  COMRAM  
                smallconst                     001000  00000C  00100C       800       0  SMALLCON
                text3                          00100C  0007F8  001804       806       0  CODE    


UNUSED ADDRESS RANGES

        Name                Unused          Largest block    Delta
        BANK0            000080-0000FF               80
        BANK1            000100-0001FF              100
        BANK10           000A00-000AFF              100
        BANK11           000B00-000BFF              100
        BANK12           000C00-000CFF              100
        BANK13           000D00-000DFF              100
        BANK14           000E00-000EFF              100
        BANK15           000F00-000F7F               80
        BANK2            000200-0002FF              100
        BANK3            000300-0003FF              100
        BANK4            000400-0004FF              100
        BANK5            000500-0005FF              100
        BANK6            000600-0006FF              100
        BANK7            000700-0007FF              100
        BANK8            000800-0008FF              100
        BANK9            000900-0009FF              100
        BIGRAM           000067-000F7F              F19
        BIGSFR           000F80-000FFF               80
        CODE             000004-000FFF              FFC
                         001804-00FFFF             E7FC
        COMRAM           000067-00007F               19
        CONST            000004-000FFF              FFC
                         001804-00FFFF             E7FC
        EEDATA           F00000-F003FF              400
        IDLOC            200000-200007                8
        MEDIUMCONST      001804-00FFFF             E7FC
        RAM              000080-000F7F              100
        SFR              000F80-000FFF               80
        SMALLCONST       001804-00FFFF              100

                                  Symbol Table

?___awdiv                                 cstackCOMRAM 000048
?___awmod                                 cstackCOMRAM 000048
?_abs                                     cstackCOMRAM 00004E
?_printf                                  cstackCOMRAM 000063
?_vfprintf                                cstackCOMRAM 00005E
_LAT                                      dataCOMRAM   000026
_LATA                                     (abs)        000F89
_LATB                                     (abs)        000F8A
_LATC                                     (abs)        000F8B
_LATD                                     (abs)        000F8C
_LATE                                     (abs)        000F8D
_PORT                                     dataCOMRAM   000030
_PORTA                                    (abs)        000F80
_PORTB                                    (abs)        000F81
_PORTC                                    (abs)        000F82
_PORTD                                    (abs)        000F83
_PORTE                                    (abs)        000F84
_TRIS                                     dataCOMRAM   00003A
_TRISA                                    (abs)        000F92
_TRISB                                    (abs)        000F93
_TRISC                                    (abs)        000F94
_TRISD                                    (abs)        000F95
_TRISE                                    (abs)        000F96
__HRAM                                    (abs)        000000
__H__absolute__                           __absolute__ 000000
__Habs1                                   abs1         000000
__Hbank0                                  bank0        000000
__Hbank1                                  bank1        000000
__Hbank10                                 bank10       000000
__Hbank11                                 bank11       000000
__Hbank12                                 bank12       000000
__Hbank13                                 bank13       000000
__Hbank14                                 bank14       000000
__Hbank15                                 bank15       000000
__Hbank2                                  bank2        000000
__Hbank3                                  bank3        000000
__Hbank4                                  bank4        000000
__Hbank5                                  bank5        000000
__Hbank6                                  bank6        000000
__Hbank7                                  bank7        000000
__Hbank8                                  bank8        000000
__Hbank9                                  bank9        000000
__Hbigbss                                 bigbss       000000
__Hbigdata                                bigdata      000000
__Hbigram                                 bigram       000000
__Hbigsfr                                 bigsfr       000000
__Hbss                                    bss          000000
__HbssCOMRAM                              bssCOMRAM    000000
__Hcinit                                  cinit        000000
__Hclrtext                                clrtext      000000
__Hcomram                                 comram       000000
__Hconfig                                 config       30000E
__Hconst                                  const        000000
__HcstackCOMRAM                           cstackCOMRAM 000000
__Hdata                                   data         000000
__HdataCOMRAM                             dataCOMRAM   000000
__Heeprom_data                            eeprom_data  000000
__Hfarbss                                 farbss       000000
__Hfardata                                fardata      000000
__Hheap                                   heap         000000
__Hibigdata                               ibigdata     000000
__Hidata                                  idata        000000
__HidataCOMRAM                            idataCOMRAM  000000
__Hidloc                                  idloc        000000
__Hifardata                               ifardata     000000
__Hinit                                   init         000004
__Hintcode                                intcode      000000
__Hintcode_body                           intcode_body 000000
__Hintcodelo                              intcodelo    000000
__Hintentry                               intentry     000000
__Hintret                                 intret       000000
__Hintsave_regs                           intsave_regs 000000
__Hirdata                                 irdata       000000
__Hmediumconst                            mediumconst  000000
__HnvFARRAM                               nvFARRAM     000000
__Hnvbit                                  nvbit        000000
__Hnvrram                                 nvrram       000000
__Hparam                                  rparam       000000
__Hpowerup                                powerup      000000
__Hram                                    ram          000000
__Hramtop                                 ramtop       001000
__Hrbit                                   rbit         000000
__Hrbss                                   rbss         000000
__Hrdata                                  rdata        000000
__Hreset_vec                              reset_vec    000000
__Hrparam                                 rparam       000000
__Hsfr                                    sfr          000000
__Hsmallconst                             smallconst   00100C
__Hspace_0                                (abs)        001804
__Hspace_1                                (abs)        000067
__Hspace_2                                (abs)        000000
__Hspace_4                                (abs)        60000E
__Hstack                                  stack        000000
__Hstruct                                 struct       000000
__Htemp                                   temp         000000
__Htext                                   text         000000
__Htext0                                  text0        000000
__Htext1                                  text1        000000
__Htext10                                 text10       000000
__Htext2                                  text2        000000
__Htext3                                  text3        000000
__Htext4                                  text4        000000
__Htext5                                  text5        000000
__Htext6                                  text6        000000
__Htext7                                  text7        000000
__Htext8                                  text8        000000
__Htext9                                  text9        000000
__LRAM                                    (abs)        000001
__L__absolute__                           __absolute__ 000000
__Labs1                                   abs1         000000
__Lbank0                                  bank0        000000
__Lbank1                                  bank1        000000
__Lbank10                                 bank10       000000
__Lbank11                                 bank11       000000
__Lbank12                                 bank12       000000
__Lbank13                                 bank13       000000
__Lbank14                                 bank14       000000
__Lbank15                                 bank15       000000
__Lbank2                                  bank2        000000
__Lbank3                                  bank3        000000
__Lbank4                                  bank4        000000
__Lbank5                                  bank5        000000
__Lbank6                                  bank6        000000
__Lbank7                                  bank7        000000
__Lbank8                                  bank8        000000
__Lbank9                                  bank9        000000
__Lbigbss                                 bigbss       000000
__Lbigdata                                bigdata      000000
__Lbigram                                 bigram       000000
__Lbigsfr                                 bigsfr       000000
__Lbss                                    bss          000000
__LbssCOMRAM                              bssCOMRAM    000000
__Lcinit                                  cinit        000000
__Lclrtext                                clrtext      000000
__Lcomram                                 comram       000000
__Lconfig                                 config       000000
__Lconst                                  const        000000
__LcstackCOMRAM                           cstackCOMRAM 000000
__Ldata                                   data         000000
__LdataCOMRAM                             dataCOMRAM   000000
__Leeprom_data                            eeprom_data  000000
__Lfarbss                                 farbss       000000
__Lfardata                                fardata      000000
__Lheap                                   heap         000000
__Libigdata                               ibigdata     000000
__Lidata                                  idata        000000
__LidataCOMRAM                            idataCOMRAM  000000
__Lidloc                                  idloc        000000
__Lifardata                               ifardata     000000
__Linit                                   init         000000
__Lintcode                                intcode      000000
__Lintcode_body                           intcode_body 000000
__Lintcodelo                              intcodelo    000000
__Lintentry                               intentry     000000
__Lintret                                 intret       000000
__Lintsave_regs                           intsave_regs 000000
__Lirdata                                 irdata       000000
__Lmediumconst                            mediumconst  000000
__LnvFARRAM                               nvFARRAM     000000
__Lnvbit                                  nvbit        000000
__Lnvrram                                 nvrram       000000
__Lparam                                  rparam       000000
__Lpowerup                                powerup      000000
__Lram                                    ram          000000
__Lramtop                                 ramtop       001000
__Lrbit                                   rbit         000000
__Lrbss                                   rbss         000000
__Lrdata                                  rdata        000000
__Lreset_vec                              reset_vec    000000
__Lrparam                                 rparam       000000
__Lsfr                                    sfr          000000
__Lsmallconst                             smallconst   001000
__Lspace_0                                (abs)        000000
__Lspace_1                                (abs)        000000
__Lspace_2                                (abs)        000000
__Lspace_4                                (abs)        000000
__Lstack                                  stack        000000
__Lstruct                                 struct       000000
__Ltemp                                   temp         000000
__Ltext                                   text         000000
__Ltext0                                  text0        000000
__Ltext1                                  text1        000000
__Ltext10                                 text10       000000
__Ltext2                                  text2        000000
__Ltext3                                  text3        000000
__Ltext4                                  text4        000000
__Ltext5                                  text5        000000
__Ltext6                                  text6        000000
__Ltext7                                  text7        000000
__Ltext8                                  text8        000000
__Ltext9                                  text9        000000
__S0                                      (abs)        001804
__S1                                      (abs)        000067
__S4                                      (abs)        000000
__S5                                      (abs)        000000
___awdiv                                  text8        001532
___awdiv@counter                          cstackCOMRAM 00004C
___awdiv@dividend                         cstackCOMRAM 000048
___awdiv@divisor                          cstackCOMRAM 00004A
___awdiv@quotient                         cstackCOMRAM 00004E
___awdiv@sign                             cstackCOMRAM 00004D
___awmod                                  text7        0015F6
___awmod@counter                          cstackCOMRAM 00004C
___awmod@dividend                         cstackCOMRAM 000048
___awmod@divisor                          cstackCOMRAM 00004A
___awmod@sign                             cstackCOMRAM 00004D
___heap_hi                                (abs)        000000
___heap_lo                                (abs)        000000
___inthi_sp                               stack        000000
___inthi_stack_hi                         stack        000000
___inthi_stack_lo                         stack        000000
___intlo_sp                               stack        000000
___intlo_stack_hi                         stack        000000
___intlo_stack_lo                         stack        000000
___param_bank                             (abs)        000000
___rparam_used                            (abs)        000001
___sp                                     stack        000000
___stack_hi                               stack        000000
___stack_lo                               stack        000000
__accesstop                               (abs)        000080
__activetblptr                            (abs)        000002
__end_of___awdiv                          text8        0015F6
__end_of___awmod                          text7        0016A6
__end_of__initialization                  cinit        001788
__end_of_abs                              text6        0017C6
__end_of_fputc                            text4        001532
__end_of_gpio_pin_direction_initialize    text10       001322
__end_of_gpio_pin_write_logic             text9        001468
__end_of_main                             text0        00171A
__end_of_printf                           text1        001802
__end_of_putch                            text5        001804
__end_of_vfpfcnvrt                        text3        0011CC
__end_of_vfprintf                         text2        00175C
__initialization                          cinit        00175C
__mediumconst                             mediumconst  000000
__pbssCOMRAM                              bssCOMRAM    000001
__pcinit                                  cinit        00175C
__pcstackCOMRAM                           cstackCOMRAM 000048
__pdataCOMRAM                             dataCOMRAM   000026
__pidataCOMRAM                            idataCOMRAM  0017C6
__psmallconst                             smallconst   001000
__ptext0                                  text0        0016A6
__ptext1                                  text1        0017E8
__ptext10                                 text10       0011CC
__ptext2                                  text2        00171A
__ptext3                                  text3        00100C
__ptext4                                  text4        001468
__ptext5                                  text5        001802
__ptext6                                  text6        001792
__ptext7                                  text7        0015F6
__ptext8                                  text8        001532
__ptext9                                  text9        001322
__ramtop                                  ramtop       001000
__smallconst                              smallconst   001000
_abs                                      text6        001792
_dbuf                                     bssCOMRAM    000001
_flags                                    bssCOMRAM    000025
_fputc                                    text4        001468
_gpio_pin_direction_initialize            text10       0011CC
_gpio_pin_write_logic                     text9        001322
_main                                     text0        0016A6
_pin1                                     dataCOMRAM   000047
_pin2                                     dataCOMRAM   000046
_pin3                                     dataCOMRAM   000045
_prec                                     bssCOMRAM    000023
_printf                                   text1        0017E8
_putch                                    text5        001802
_ret                                      dataCOMRAM   000044
_vfpfcnvrt                                text3        00100C
_vfprintf                                 text2        00171A
_width                                    bssCOMRAM    000021
abs@a                                     cstackCOMRAM 00004E
end_of_initialization                     cinit        001788
fputc@c                                   cstackCOMRAM 000048
fputc@fp                                  cstackCOMRAM 00004A
gpio_pin_direction_initialize@_pin_config cstackCOMRAM 000048
gpio_pin_direction_initialize@ret         cstackCOMRAM 00004F
gpio_pin_write_logic@_pin_config          cstackCOMRAM 000048
gpio_pin_write_logic@logic                cstackCOMRAM 000049
gpio_pin_write_logic@ret                  cstackCOMRAM 00004F
intlevel0                                 text         000000
intlevel1                                 text         000000
intlevel2                                 text         000000
intlevel3                                 text         000000
isa$std                                   (abs)        000001
isa$xinst                                 (abs)        000000
printf@ap                                 cstackCOMRAM 000066
printf@fmt                                cstackCOMRAM 000063
stackhi                                   (abs)        000000
stacklo                                   (abs)        000000
start                                     init         000000
start_initialization                      cinit        00175C
vfpfcnvrt@ap                              cstackCOMRAM 000055
vfpfcnvrt@c                               cstackCOMRAM 00005D
vfpfcnvrt@convarg                         cstackCOMRAM 000059
vfpfcnvrt@cp                              cstackCOMRAM 000058
vfpfcnvrt@done                            cstackCOMRAM 000057
vfpfcnvrt@fmt                             cstackCOMRAM 000054
vfpfcnvrt@fp                              cstackCOMRAM 000052
vfprintf@ap                               cstackCOMRAM 000061
vfprintf@cfmt                             cstackCOMRAM 000062
vfprintf@fmt                              cstackCOMRAM 000060
vfprintf@fp                               cstackCOMRAM 00005E


MODULE INFORMATION

Module		Function		Class		Link	Load	Size
APPLICATION/APPLICATION.c
		_main          		CODE           	16A6	0000	116

APPLICATION/APPLICATION.c estimated size: 116

C:\Program Files\Microchip\xc8\v2.45\pic\sources\c99\common\printf.c
		_printf        		CODE           	17E8	0000	26

C:\Program Files\Microchip\xc8\v2.45\pic\sources\c99\common\printf.c estimated size: 26

C:\Program Files\Microchip\xc8\v2.45\pic\sources\c99\common\awmod.c
		___awmod       		CODE           	15F6	0000	176

C:\Program Files\Microchip\xc8\v2.45\pic\sources\c99\common\awmod.c estimated size: 176

C:\Program Files\Microchip\xc8\v2.45\pic\sources\c99\common\putch.c
		_putch         		CODE           	1802	0000	2

C:\Program Files\Microchip\xc8\v2.45\pic\sources\c99\common\putch.c estimated size: 2

shared
		__initialization		CODE           	175C	0000	44

shared estimated size: 44

C:\Program Files\Microchip\xc8\v2.45\pic\sources\c99\common\abs.c
		_abs           		CODE           	1792	0000	52

C:\Program Files\Microchip\xc8\v2.45\pic\sources\c99\common\abs.c estimated size: 52

MCAL/HAL_GPIO.c
		_gpio_pin_write_logic		CODE           	1322	0000	326
		_gpio_pin_direction_initialize		CODE           	11CC	0000	342

MCAL/HAL_GPIO.c estimated size: 668

C:\Program Files\Microchip\xc8\v2.45\pic\sources\c99\common\nf_fputc.c
		_fputc         		CODE           	1468	0000	202

C:\Program Files\Microchip\xc8\v2.45\pic\sources\c99\common\nf_fputc.c estimated size: 202

C:\Program Files\Microchip\xc8\v2.45\pic\sources\c99\common\doprnt.c
		_vfpfcnvrt     		CODE           	100C	0000	448
		_vfprintf      		CODE           	171A	0000	66

C:\Program Files\Microchip\xc8\v2.45\pic\sources\c99\common\doprnt.c estimated size: 514

C:\Program Files\Microchip\xc8\v2.45\pic\sources\c99\common\awdiv.c
		___awdiv       		CODE           	1532	0000	196

C:\Program Files\Microchip\xc8\v2.45\pic\sources\c99\common\awdiv.c estimated size: 196

